Archive member included because of file (symbol)

c:/program files (x86)/gnu tools arm embedded/4.9 2015q1/bin/../lib/gcc/arm-none-eabi/4.9.3/../../../../arm-none-eabi/lib/armv7e-m\libg.a(lib_a-itoa.o)
                              ..\obj\main.o (itoa)
c:/program files (x86)/gnu tools arm embedded/4.9 2015q1/bin/../lib/gcc/arm-none-eabi/4.9.3/../../../../arm-none-eabi/lib/armv7e-m\libg.a(lib_a-memcmp.o)
                              ..\obj\autoip.o (memcmp)
c:/program files (x86)/gnu tools arm embedded/4.9 2015q1/bin/../lib/gcc/arm-none-eabi/4.9.3/../../../../arm-none-eabi/lib/armv7e-m\libg.a(lib_a-memcpy.o)
                              ..\obj\ip_frag.o (memcpy)
c:/program files (x86)/gnu tools arm embedded/4.9 2015q1/bin/../lib/gcc/arm-none-eabi/4.9.3/../../../../arm-none-eabi/lib/armv7e-m\libg.a(lib_a-memset.o)
                              ..\obj\mem.o (memset)
c:/program files (x86)/gnu tools arm embedded/4.9 2015q1/bin/../lib/gcc/arm-none-eabi/4.9.3/../../../../arm-none-eabi/lib/armv7e-m\libg.a(lib_a-strcat.o)
                              ..\obj\main.o (strcat)
c:/program files (x86)/gnu tools arm embedded/4.9 2015q1/bin/../lib/gcc/arm-none-eabi/4.9.3/../../../../arm-none-eabi/lib/armv7e-m\libg.a(lib_a-strcmp.o)
                              ..\obj\main.o (strcmp)
c:/program files (x86)/gnu tools arm embedded/4.9 2015q1/bin/../lib/gcc/arm-none-eabi/4.9.3/../../../../arm-none-eabi/lib/armv7e-m\libg.a(lib_a-strcpy.o)
                              ..\obj\main.o (strcpy)
c:/program files (x86)/gnu tools arm embedded/4.9 2015q1/bin/../lib/gcc/arm-none-eabi/4.9.3/../../../../arm-none-eabi/lib/armv7e-m\libg.a(lib_a-strlen.o)
                              ..\obj\main.o (strlen)
c:/program files (x86)/gnu tools arm embedded/4.9 2015q1/bin/../lib/gcc/arm-none-eabi/4.9.3/../../../../arm-none-eabi/lib/armv7e-m\libg.a(lib_a-utoa.o)
                              c:/program files (x86)/gnu tools arm embedded/4.9 2015q1/bin/../lib/gcc/arm-none-eabi/4.9.3/../../../../arm-none-eabi/lib/armv7e-m\libg.a(lib_a-itoa.o) (__utoa)

Allocating common symbols
Common symbol       size              file

netif               0x38              ..\obj\netconf.o
netif_list          0x4               ..\obj\netif.o
RX_Frame_Descriptor
                    0xc               ..\obj\stm32f4x7_eth.o
tcp_active_pcbs     0x4               ..\obj\tcp.o
udp_pcbs            0x4               ..\obj\udp.o
current_netif       0x4               ..\obj\ip.o
tcp_ticks           0x4               ..\obj\tcp.o
tcp_listen_pcbs     0x4               ..\obj\tcp.o
DMARxDescToGet      0x4               ..\obj\stm32f4x7_eth.o
DMATxDescToSet      0x4               ..\obj\stm32f4x7_eth.o
tcp_tmp_pcb         0x4               ..\obj\tcp.o
tcp_input_pcb       0x4               ..\obj\tcp_in.o
DMATxDscrTab        0xa0              ..\obj\stm32f4x7_eth.o
current_header      0x4               ..\obj\ip.o
Rx_Buff             0x1dc4            ..\obj\stm32f4x7_eth.o
tcp_bound_pcbs      0x4               ..\obj\tcp.o
Frame_Rx_index      0x4               ..\obj\stm32f4x7_eth.o
DMA_RX_FRAME_infos  0x4               ..\obj\stm32f4x7_eth.o
DMARxDscrTab        0xa0              ..\obj\stm32f4x7_eth.o
tcp_tw_pcbs         0x4               ..\obj\tcp.o
netif_default       0x4               ..\obj\netif.o
temperatura         0x6               ..\obj\main.o
Tx_Buff             0x1dc4            ..\obj\stm32f4x7_eth.o

Discarded input sections

 .text          0x00000000        0x0 ..\obj\stm32f4xx_syscfg.o
 .data          0x00000000        0x0 ..\obj\stm32f4xx_syscfg.o
 .bss           0x00000000        0x0 ..\obj\stm32f4xx_syscfg.o
 .text.SYSCFG_DeInit
                0x00000000       0x1c ..\obj\stm32f4xx_syscfg.o
 .text.SYSCFG_MemoryRemapConfig
                0x00000000       0x20 ..\obj\stm32f4xx_syscfg.o
 .text.SYSCFG_CompensationCellCmd
                0x00000000       0x20 ..\obj\stm32f4xx_syscfg.o
 .text.SYSCFG_GetCompensationCellStatus
                0x00000000       0x34 ..\obj\stm32f4xx_syscfg.o
 .text          0x00000000        0x0 ..\obj\mem.o
 .data          0x00000000        0x0 ..\obj\mem.o
 .text.mem_calloc
                0x00000000       0x44 ..\obj\mem.o
 .text          0x00000000        0x0 ..\obj\tcp.o
 .text.tcp_connect
                0x00000000      0x174 ..\obj\tcp.o
 .text.tcp_debug_state_str
                0x00000000       0x24 ..\obj\tcp.o
 .text          0x00000000        0x0 ..\obj\err.o
 .data          0x00000000        0x0 ..\obj\err.o
 .bss           0x00000000        0x0 ..\obj\err.o
 .debug_info    0x00000000       0x72 ..\obj\err.o
 .debug_abbrev  0x00000000       0x26 ..\obj\err.o
 .debug_aranges
                0x00000000       0x18 ..\obj\err.o
 .debug_line    0x00000000       0x1d ..\obj\err.o
 .debug_str     0x00000000      0x211 ..\obj\err.o
 .comment       0x00000000       0x71 ..\obj\err.o
 .ARM.attributes
[...]
Memory Configuration

Name             Origin             Length             Attributes
rom              0x08000000         0x00100000         xr
ram              0x20000000         0x00020000         xrw
ram1             0x10000000         0x00010000         xrw
*default*        0x00000000         0xffffffff

Linker script and memory map

                0x20020000                _eram = 0x20020000

.text           0x08000000     0xa5a8
 *(.isr_vector)
 .isr_vector    0x08000000      0x188 ..\obj\startup_stm32f4xx.o
                0x08000000                g_pfnVectors
 *(.text*)
 .text.SYSCFG_EXTILineConfig
                0x08000188       0x84 ..\obj\stm32f4xx_syscfg.o
                0x08000188                SYSCFG_EXTILineConfig
 .text.SYSCFG_ETH_MediaInterfaceConfig
                0x0800020c       0x1c ..\obj\stm32f4xx_syscfg.o
                0x0800020c                SYSCFG_ETH_MediaInterfaceConfig
 .text.plug_holes
                0x08000228       0xbc ..\obj\mem.o
 .text.mem_init
                0x080002e4       0x84 ..\obj\mem.o
                0x080002e4                mem_init
 .text.mem_free
                0x08000368       0x64 ..\obj\mem.o
                0x08000368                mem_free
 .text.mem_realloc
                0x080003cc      0x17c ..\obj\mem.o
                0x080003cc                mem_realloc
 .text.mem_malloc
                0x08000548      0x14c ..\obj\mem.o
                0x08000548                mem_malloc
 .text.tcp_tmr  0x08000694       0x2c ..\obj\tcp.o
                0x08000694                tcp_tmr
 .text.tcp_close
                0x080006c0      0x164 ..\obj\tcp.o
                0x080006c0                tcp_close
 .text.tcp_abandon
                0x08000824       0xe0 ..\obj\tcp.o
                0x08000824                tcp_abandon
 .text.tcp_bind
                0x08000904      0x17c ..\obj\tcp.o
                0x08000904                tcp_bind
 .text.tcp_accept_null
                0x08000a80       0x20 ..\obj\tcp.o
 .text.tcp_listen_with_backlog
                0x08000aa0      0x10c ..\obj\tcp.o
                0x08000aa0                tcp_listen_with_backlog
 .text.tcp_update_rcv_ann_wnd
                0x08000bac       0x84 ..\obj\tcp.o
                0x08000bac                tcp_update_rcv_ann_wnd
 .text.tcp_recved
                0x08000c30       0x60 ..\obj\tcp.o
                0x08000c30                tcp_recved
 .text.tcp_new_port
                0x08000c90       0xac ..\obj\tcp.o
 .text.tcp_slowtmr
                0x08000d3c      0x3cc ..\obj\tcp.o
                0x08000d3c                tcp_slowtmr
 .text.tcp_fasttmr
                0x08001108       0xb0 ..\obj\tcp.o
                0x08001108                tcp_fasttmr
 .text.tcp_segs_free
                0x080011b8       0x38 ..\obj\tcp.o
                0x080011b8                tcp_segs_free
 .text.tcp_seg_free
                0x080011f0       0x3c ..\obj\tcp.o
                0x080011f0                tcp_seg_free
 .text.tcp_setprio
                0x0800122c       0x1c ..\obj\tcp.o
                0x0800122c                tcp_setprio
 .text.tcp_recv_null
                0x08001248       0x48 ..\obj\tcp.o
                0x08001248                tcp_recv_null
 .text.tcp_kill_prio
                0x08001290       0x80 ..\obj\tcp.o
 .text.tcp_kill_timewait
                0x08001310       0x60 ..\obj\tcp.o
 .text.tcp_alloc
                0x08001370      0x10c ..\obj\tcp.o
                0x08001370                tcp_alloc
 .text.tcp_new  0x0800147c       0x10 ..\obj\tcp.o
                0x0800147c                tcp_new
 .text.tcp_arg  0x0800148c       0x1c ..\obj\tcp.o
                0x0800148c                tcp_arg
 .text.tcp_recv
                0x080014a8       0x1c ..\obj\tcp.o
                0x080014a8                tcp_recv
 .text.tcp_sent
                0x080014c4       0x1c ..\obj\tcp.o
                0x080014c4                tcp_sent
 .text.tcp_err  0x080014e0       0x1c ..\obj\tcp.o
                0x080014e0                tcp_err
 .text.tcp_accept
                0x080014fc       0x1c ..\obj\tcp.o
                0x080014fc                tcp_accept
 .text.tcp_poll
                0x08001518       0x28 ..\obj\tcp.o
                0x08001518                tcp_poll
 .text.tcp_pcb_purge
                0x08001540       0x60 ..\obj\tcp.o
                0x08001540                tcp_pcb_purge
 .text.tcp_pcb_remove
                0x080015a0       0xac ..\obj\tcp.o
                0x080015a0                tcp_pcb_remove
 .text.tcp_next_iss
                0x0800164c       0x28 ..\obj\tcp.o
                0x0800164c                tcp_next_iss
 .text.tcp_eff_send_mss
                0x08001674       0x40 ..\obj\tcp.o
                0x08001674                tcp_eff_send_mss
 .text.tcp_input
                0x080016b4      0x5d0 ..\obj\tcp_in.o
                0x080016b4                tcp_input
 .text.tcp_listen_input
                0x08001c84      0x1a4 ..\obj\tcp_in.o
 .text.tcp_timewait_input
                0x08001e28       0xe8 ..\obj\tcp_in.o
 .text.tcp_process
                0x08001f10      0x6cc ..\obj\tcp_in.o
 .text.tcp_receive
                0x080025dc      0x8c4 ..\obj\tcp_in.o
 .text.tcp_parseopt
                0x08002ea0      0x104 ..\obj\tcp_in.o
 .text.memp_init
                0x08002fa4       0x98 ..\obj\memp.o
                0x08002fa4                memp_init
 .text.memp_malloc
                0x0800303c       0x44 ..\obj\memp.o
                0x0800303c                memp_malloc
 .text.memp_free
                0x08003080       0x3c ..\obj\memp.o
                0x08003080                memp_free
 .text.autoip_handle_arp_conflict
                0x080030bc       0x40 ..\obj\autoip.o
 .text.autoip_create_addr
                0x080030fc       0x8c ..\obj\autoip.o
 .text.autoip_arp_announce
                0x08003188       0x4c ..\obj\autoip.o
 .text.autoip_start
                0x080031d4       0xac ..\obj\autoip.o
                0x080031d4                autoip_start
 .text.autoip_start_probing
                0x08003280       0x88 ..\obj\autoip.o
 .text.autoip_arp_reply
                0x08003308       0xec ..\obj\autoip.o
                0x08003308                autoip_arp_reply
 .text.ip_reass_free_complete_datagram
                0x080033f4       0xbc ..\obj\ip_frag.o
 .text.ip_reass_remove_oldest_datagram
                0x080034b0       0xb8 ..\obj\ip_frag.o
 .text.ip_reass_enqueue_new_datagram
                0x08003568       0x74 ..\obj\ip_frag.o
 .text.ip_reass_dequeue_datagram
                0x080035dc       0x38 ..\obj\ip_frag.o
 .text.ip_reass_chain_frag_into_datagram_and_validate
                0x08003614      0x210 ..\obj\ip_frag.o
 .text.ip_reass
                0x08003824      0x268 ..\obj\ip_frag.o
                0x08003824                ip_reass
 .text.ip_frag  0x08003a8c      0x1a4 ..\obj\ip_frag.o
                0x08003a8c                ip_frag
 .text.Default_Reset_Handler
                0x08003c30       0x58 ..\obj\startup_stm32f4xx.o
                0x08003c30                Default_Reset_Handler
                0x08003c30                Reset_Handler
 .text.Default_Handler
                0x08003c88        0x8 ..\obj\startup_stm32f4xx.o
                0x08003c88                RTC_Alarm_IRQHandler
                0x08003c88                HASH_RNG_IRQHandler
                0x08003c88                EXTI2_IRQHandler
                0x08003c88                TIM8_CC_IRQHandler
                0x08003c88                DebugMon_Handler
                0x08003c88                TIM1_CC_IRQHandler
                0x08003c88                DMA2_Stream5_IRQHandler
                0x08003c88                HardFault_Handler
                0x08003c88                DMA1_Stream5_IRQHandler
                0x08003c88                PVD_IRQHandler
                0x08003c88                SDIO_IRQHandler
                0x08003c88                TAMP_STAMP_IRQHandler
                0x08003c88                PendSV_Handler
                0x08003c88                NMI_Handler
                0x08003c88                CAN2_RX1_IRQHandler
                0x08003c88                EXTI3_IRQHandler
                0x08003c88                TIM8_TRG_COM_TIM14_IRQHandler
                0x08003c88                TIM1_UP_TIM10_IRQHandler
                0x08003c88                TIM8_UP_TIM13_IRQHandler
                0x08003c88                I2C3_ER_IRQHandler
                0x08003c88                EXTI0_IRQHandler
                0x08003c88                I2C2_EV_IRQHandler
                0x08003c88                DMA1_Stream2_IRQHandler
                0x08003c88                CAN1_RX0_IRQHandler
                0x08003c88                FPU_IRQHandler
                0x08003c88                OTG_HS_WKUP_IRQHandler
                0x08003c88                UsageFault_Handler
                0x08003c88                CAN2_SCE_IRQHandler
                0x08003c88                DMA2_Stream2_IRQHandler
                0x08003c88                SPI1_IRQHandler
                0x08003c88                TIM6_DAC_IRQHandler
                0x08003c88                TIM1_BRK_TIM9_IRQHandler
                0x08003c88                DCMI_IRQHandler
                0x08003c88                CAN2_RX0_IRQHandler
                0x08003c88                DMA2_Stream3_IRQHandler
                0x08003c88                USART6_IRQHandler
                0x08003c88                USART3_IRQHandler
                0x08003c88                CRYP_IRQHandler
                0x08003c88                CAN1_RX1_IRQHandler
                0x08003c88                UART5_IRQHandler
                0x08003c88                DMA2_Stream0_IRQHandler
                0x08003c88                TIM4_IRQHandler
                0x08003c88                I2C1_EV_IRQHandler
                0x08003c88                DMA1_Stream6_IRQHandler
                0x08003c88                DMA1_Stream1_IRQHandler
                0x08003c88                UART4_IRQHandler
                0x08003c88                TIM3_IRQHandler
                0x08003c88                RCC_IRQHandler
                0x08003c88                TIM8_BRK_TIM12_IRQHandler
                0x08003c88                EXTI15_10_IRQHandler
                0x08003c88                ADC_IRQHandler
                0x08003c88                DMA1_Stream7_IRQHandler
                0x08003c88                TIM7_IRQHandler
                0x08003c88                CAN2_TX_IRQHandler
                0x08003c88                TIM5_IRQHandler
                0x08003c88                DMA2_Stream7_IRQHandler
                0x08003c88                I2C3_EV_IRQHandler
                0x08003c88                EXTI9_5_IRQHandler
                0x08003c88                RTC_WKUP_IRQHandler
                0x08003c88                ETH_WKUP_IRQHandler
                0x08003c88                SPI2_IRQHandler
                0x08003c88                OTG_HS_EP1_IN_IRQHandler
                0x08003c88                MemManage_Handler
                0x08003c88                DMA1_Stream0_IRQHandler
                0x08003c88                CAN1_TX_IRQHandler
                0x08003c88                SVC_Handler
                0x08003c88                EXTI4_IRQHandler
                0x08003c88                FSMC_IRQHandler
                0x08003c88                ETH_IRQHandler
                0x08003c88                OTG_HS_EP1_OUT_IRQHandler
                0x08003c88                WWDG_IRQHandler
                0x08003c88                TIM2_IRQHandler
                0x08003c88                OTG_FS_WKUP_IRQHandler
                0x08003c88                TIM1_TRG_COM_TIM11_IRQHandler
                0x08003c88                OTG_HS_IRQHandler
                0x08003c88                EXTI1_IRQHandler
                0x08003c88                USART2_IRQHandler
                0x08003c88                I2C2_ER_IRQHandler
                0x08003c88                DMA2_Stream1_IRQHandler
                0x08003c88                CAN1_SCE_IRQHandler
                0x08003c88                FLASH_IRQHandler
                0x08003c88                DMA2_Stream4_IRQHandler
                0x08003c88                BusFault_Handler
                0x08003c88                USART1_IRQHandler
                0x08003c88                OTG_FS_IRQHandler
                0x08003c88                SPI3_IRQHandler
                0x08003c88                DMA1_Stream4_IRQHandler
                0x08003c88                I2C1_ER_IRQHandler
                0x08003c88                DMA2_Stream6_IRQHandler
                0x08003c88                DMA1_Stream3_IRQHandler
 .text.UB_Led_Init
                0x08003c90       0xa4 ..\obj\stm32_ub_led.o
                0x08003c90                UB_Led_Init
 .text.UB_Led_Off
                0x08003d34       0x3c ..\obj\stm32_ub_led.o
                0x08003d34                UB_Led_Off
 .text.UB_Led_On
                0x08003d70       0x3c ..\obj\stm32_ub_led.o
                0x08003d70                UB_Led_On
 .text.UB_Led_Toggle
                0x08003dac       0x50 ..\obj\stm32_ub_led.o
                0x08003dac                UB_Led_Toggle
 .text.ETH_Delay
                0x08003dfc       0x28 ..\obj\stm32f4x7_eth.o
 .text.ETH_DeInit
                0x08003e24       0x1c ..\obj\stm32f4x7_eth.o
                0x08003e24                ETH_DeInit
 .text.ETH_StructInit
                0x08003e40      0x15c ..\obj\stm32f4x7_eth.o
                0x08003e40                ETH_StructInit
 .text.ETH_Init
                0x08003f9c      0x3b0 ..\obj\stm32f4x7_eth.o
                0x08003f9c                ETH_Init
 .text.ETH_Start
                0x0800434c       0x24 ..\obj\stm32f4x7_eth.o
                0x0800434c                ETH_Start
 .text.ETH_MACTransmissionCmd
                0x08004370       0x38 ..\obj\stm32f4x7_eth.o
                0x08004370                ETH_MACTransmissionCmd
 .text.ETH_MACReceptionCmd
                0x080043a8       0x38 ..\obj\stm32f4x7_eth.o
                0x080043a8                ETH_MACReceptionCmd
 .text.ETH_MACAddressConfig
                0x080043e0       0x6c ..\obj\stm32f4x7_eth.o
                0x080043e0                ETH_MACAddressConfig
 .text.ETH_Get_Received_Frame
                0x0800444c       0x84 ..\obj\stm32f4x7_eth.o
                0x0800444c                ETH_Get_Received_Frame
 .text.ETH_Prepare_Transmit_Descriptors
                0x080044d0      0x16c ..\obj\stm32f4x7_eth.o
                0x080044d0                ETH_Prepare_Transmit_Descriptors
 .text.ETH_DMARxDescChainInit
                0x0800463c       0xa8 ..\obj\stm32f4x7_eth.o
                0x0800463c                ETH_DMARxDescChainInit
 .text.ETH_CheckFrameReceived
                0x080046e4       0xd4 ..\obj\stm32f4x7_eth.o
                0x080046e4                ETH_CheckFrameReceived
 .text.ETH_DMATxDescChainInit
                0x080047b8       0x90 ..\obj\stm32f4x7_eth.o
                0x080047b8                ETH_DMATxDescChainInit
 .text.ETH_DMATxDescChecksumInsertionConfig
                0x08004848       0x20 ..\obj\stm32f4x7_eth.o
                0x08004848                ETH_DMATxDescChecksumInsertionConfig
 .text.ETH_SoftwareReset
                0x08004868       0x24 ..\obj\stm32f4x7_eth.o
                0x08004868                ETH_SoftwareReset
 .text.ETH_GetSoftwareResetStatus
                0x0800488c       0x38 ..\obj\stm32f4x7_eth.o
                0x0800488c                ETH_GetSoftwareResetStatus
 .text.ETH_FlushTransmitFIFO
                0x080048c4       0x28 ..\obj\stm32f4x7_eth.o
                0x080048c4                ETH_FlushTransmitFIFO
 .text.ETH_DMATransmissionCmd
                0x080048ec       0x50 ..\obj\stm32f4x7_eth.o
                0x080048ec                ETH_DMATransmissionCmd
 .text.ETH_DMAReceptionCmd
                0x0800493c       0x50 ..\obj\stm32f4x7_eth.o
                0x0800493c                ETH_DMAReceptionCmd
 .text.ETH_ReadPHYRegister
                0x0800498c       0xa0 ..\obj\stm32f4x7_eth.o
                0x0800498c                ETH_ReadPHYRegister
 .text.ETH_WritePHYRegister
                0x08004a2c       0xa4 ..\obj\stm32f4x7_eth.o
                0x08004a2c                ETH_WritePHYRegister
 .text.ip_addr_isbroadcast
                0x08004ad0       0x7c ..\obj\ip_addr.o
                0x08004ad0                ip_addr_isbroadcast
 .text.lwip_standard_chksum
                0x08004b4c       0x9c ..\obj\inet_chksum.o
 .text.inet_chksum
                0x08004be8       0x24 ..\obj\inet_chksum.o
                0x08004be8                inet_chksum
 .text.inet_chksum_pbuf
                0x08004c0c       0x98 ..\obj\inet_chksum.o
                0x08004c0c                inet_chksum_pbuf
 .text.main     0x08004ca4       0x48 ..\obj\main.o
                0x08004ca4                main
 .text.tcp_echoserver_init
                0x08004cec       0x64 ..\obj\main.o
                0x08004cec                tcp_echoserver_init
 .text.tcp_echoserver_accept
                0x08004d50       0x7c ..\obj\main.o
 .text.tcp_echoserver_recv
                0x08004dcc       0xf0 ..\obj\main.o
 .text.tcp_echoserver_error
                0x08004ebc       0x24 ..\obj\main.o
 .text.tcp_echoserver_poll
                0x08004ee0       0x54 ..\obj\main.o
 .text.tcp_echoserver_sent
                0x08004f34       0x40 ..\obj\main.o
 .text.tcp_echoserver_send
                0x08004f74       0xa8 ..\obj\main.o
 .text.tcp_echoserver_connection_close
                0x0800501c       0x4c ..\obj\main.o
 .text.SysTick_Handler
                0x08005068       0x1c ..\obj\main.o
                0x08005068                SysTick_Handler
 .text.respuesta
                0x08005084       0xa8 ..\obj\main.o
                0x08005084                respuesta
 .text.getTemperature
                0x0800512c       0x44 ..\obj\main.o
                0x0800512c                getTemperature
 .text.RCC_GetClocksFreq
                0x08005170      0x154 ..\obj\stm32f4xx_rcc.o
                0x08005170                RCC_GetClocksFreq
 .text.RCC_AHB1PeriphClockCmd
                0x080052c4       0x3c ..\obj\stm32f4xx_rcc.o
                0x080052c4                RCC_AHB1PeriphClockCmd
 .text.RCC_APB2PeriphClockCmd
                0x08005300       0x3c ..\obj\stm32f4xx_rcc.o
                0x08005300                RCC_APB2PeriphClockCmd
 .text.RCC_AHB1PeriphResetCmd
                0x0800533c       0x3c ..\obj\stm32f4xx_rcc.o
                0x0800533c                RCC_AHB1PeriphResetCmd
 .text.LwIP_Init
                0x08005378       0x74 ..\obj\netconf.o
                0x08005378                LwIP_Init
 .text.LwIP_Pkt_Handle
                0x080053ec       0x10 ..\obj\netconf.o
                0x080053ec                LwIP_Pkt_Handle
 .text.LwIP_Periodic_Handle
                0x080053fc       0x48 ..\obj\netconf.o
                0x080053fc                LwIP_Periodic_Handle
 .text.ADC_Init
                0x08005444       0xa8 ..\obj\stm32f4xx_adc.o
                0x08005444                ADC_Init
 .text.ADC_CommonInit
                0x080054ec       0x50 ..\obj\stm32f4xx_adc.o
                0x080054ec                ADC_CommonInit
 .text.ADC_Cmd  0x0800553c       0x38 ..\obj\stm32f4xx_adc.o
                0x0800553c                ADC_Cmd
 .text.ADC_RegularChannelConfig
                0x08005574      0x194 ..\obj\stm32f4xx_adc.o
                0x08005574                ADC_RegularChannelConfig
 .text.ADC_SoftwareStartConv
                0x08005708       0x20 ..\obj\stm32f4xx_adc.o
                0x08005708                ADC_SoftwareStartConv
 .text.ADC_GetConversionValue
                0x08005728       0x1c ..\obj\stm32f4xx_adc.o
                0x08005728                ADC_GetConversionValue
 .text.ADC_GetFlagStatus
                0x08005744       0x34 ..\obj\stm32f4xx_adc.o
                0x08005744                ADC_GetFlagStatus
 .text.NVIC_SetPriority
                0x08005778       0x54 ..\obj\stm32f4x7_eth_bsp.o
 .text.SysTick_Config
                0x080057cc       0x44 ..\obj\stm32f4x7_eth_bsp.o
 .text.ETH_BSP_Config
                0x08005810       0x58 ..\obj\stm32f4x7_eth_bsp.o
                0x08005810                ETH_BSP_Config
 .text.ETH_MACDMA_Config
                0x08005868      0x104 ..\obj\stm32f4x7_eth_bsp.o
 .text.ETH_GPIO_Config
                0x0800596c       0xd8 ..\obj\stm32f4x7_eth_bsp.o
 .text.Eth_Link_PHYITConfig
                0x08005a44       0x78 ..\obj\stm32f4x7_eth_bsp.o
                0x08005a44                Eth_Link_PHYITConfig
 .text.Eth_Link_EXTIConfig
                0x08005abc       0x80 ..\obj\stm32f4x7_eth_bsp.o
                0x08005abc                Eth_Link_EXTIConfig
 .text.low_level_init
                0x08005b3c       0xb0 ..\obj\ethernetif.o
 .text.low_level_output
                0x08005bec       0x68 ..\obj\ethernetif.o
 .text.low_level_input
                0x08005c54       0xf4 ..\obj\ethernetif.o
 .text.ethernetif_input
                0x08005d48       0x48 ..\obj\ethernetif.o
                0x08005d48                ethernetif_input
 .text.ethernetif_init
                0x08005d90       0x40 ..\obj\ethernetif.o
                0x08005d90                ethernetif_init
 .text.UB_ADC1_SINGLE_Init
                0x08005dd0       0x10 ..\obj\stm32_ub_adc1_single.o
                0x08005dd0                UB_ADC1_SINGLE_Init
 .text.UB_ADC1_SINGLE_Read
                0x08005de0       0x60 ..\obj\stm32_ub_adc1_single.o
                0x08005de0                UB_ADC1_SINGLE_Read
 .text.UB_ADC1_SINGLE_Read_MW
                0x08005e40      0x154 ..\obj\stm32_ub_adc1_single.o
                0x08005e40                UB_ADC1_SINGLE_Read_MW
 .text.P_ADC1s_InitIO
                0x08005f94       0x74 ..\obj\stm32_ub_adc1_single.o
                0x08005f94                P_ADC1s_InitIO
 .text.P_ADC1s_InitADC
                0x08006008       0x60 ..\obj\stm32_ub_adc1_single.o
                0x08006008                P_ADC1s_InitADC
 .text.free_etharp_q
                0x08006068       0x34 ..\obj\etharp.o
 .text.etharp_tmr
                0x0800609c       0xfc ..\obj\etharp.o
                0x0800609c                etharp_tmr
 .text.find_entry
                0x08006198      0x2cc ..\obj\etharp.o
 .text.etharp_send_ip
                0x08006464       0x68 ..\obj\etharp.o
 .text.update_arp_entry
                0x080064cc      0x150 ..\obj\etharp.o
 .text.etharp_ip_input
                0x0800661c       0x50 ..\obj\etharp.o
                0x0800661c                etharp_ip_input
 .text.etharp_arp_input
                0x0800666c      0x1fc ..\obj\etharp.o
                0x0800666c                etharp_arp_input
 .text.etharp_output
                0x08006868       0xf8 ..\obj\etharp.o
                0x08006868                etharp_output
 .text.etharp_query
                0x08006960      0x24c ..\obj\etharp.o
                0x08006960                etharp_query
 .text.etharp_raw
                0x08006bac      0x148 ..\obj\etharp.o
                0x08006bac                etharp_raw
 .text.etharp_request
                0x08006cf4       0x48 ..\obj\etharp.o
                0x08006cf4                etharp_request
 .text.ethernet_input
                0x08006d3c       0x88 ..\obj\etharp.o
                0x08006d3c                ethernet_input
 .text.pbuf_alloc
                0x08006dc4      0x1f4 ..\obj\pbuf.o
                0x08006dc4                pbuf_alloc
 .text.pbuf_realloc
                0x08006fb8       0xc8 ..\obj\pbuf.o
                0x08006fb8                pbuf_realloc
 .text.pbuf_header
                0x08007080       0xe0 ..\obj\pbuf.o
                0x08007080                pbuf_header
 .text.pbuf_free
                0x08007160       0xa0 ..\obj\pbuf.o
                0x08007160                pbuf_free
 .text.pbuf_clen
                0x08007200       0x30 ..\obj\pbuf.o
                0x08007200                pbuf_clen
 .text.pbuf_ref
                0x08007230       0x24 ..\obj\pbuf.o
                0x08007230                pbuf_ref
 .text.pbuf_cat
                0x08007254       0x5c ..\obj\pbuf.o
                0x08007254                pbuf_cat
 .text.pbuf_chain
                0x080072b0       0x20 ..\obj\pbuf.o
                0x080072b0                pbuf_chain
 .text.pbuf_copy
                0x080072d0      0x100 ..\obj\pbuf.o
                0x080072d0                pbuf_copy
 .text.pbuf_copy_partial
                0x080073d0       0xcc ..\obj\pbuf.o
                0x080073d0                pbuf_copy_partial
 .text.htons    0x0800749c       0x2c ..\obj\inet.o
                0x0800749c                htons
 .text.ntohs    0x080074c8       0x1c ..\obj\inet.o
                0x080074c8                ntohs
 .text.htonl    0x080074e4       0x34 ..\obj\inet.o
                0x080074e4                htonl
 .text.ntohl    0x08007518       0x18 ..\obj\inet.o
                0x08007518                ntohl
 .text.netif_add
                0x08007530       0x90 ..\obj\netif.o
                0x08007530                netif_add
 .text.netif_set_addr
                0x080075c0       0x2c ..\obj\netif.o
                0x080075c0                netif_set_addr
 .text.netif_set_ipaddr
                0x080075ec       0xac ..\obj\netif.o
                0x080075ec                netif_set_ipaddr
 .text.netif_set_gw
                0x08007698       0x28 ..\obj\netif.o
                0x08007698                netif_set_gw
 .text.netif_set_netmask
                0x080076c0       0x28 ..\obj\netif.o
                0x080076c0                netif_set_netmask
 .text.netif_set_default
                0x080076e8       0x1c ..\obj\netif.o
                0x080076e8                netif_set_default
 .text.netif_set_up
                0x08007704       0x48 ..\obj\netif.o
                0x08007704                netif_set_up
 .text.netif_set_down
                0x0800774c       0x34 ..\obj\netif.o
                0x0800774c                netif_set_down
 .text.netif_is_up
                0x08007780       0x28 ..\obj\netif.o
                0x08007780                netif_is_up
 .text.GPIO_Init
                0x080077a8      0x11c ..\obj\stm32f4xx_gpio.o
                0x080077a8                GPIO_Init
 .text.GPIO_PinAFConfig
                0x080078c4       0x90 ..\obj\stm32f4xx_gpio.o
                0x080078c4                GPIO_PinAFConfig
 .text.SystemInit
                0x08007954       0x58 ..\obj\system_stm32f4xx.o
                0x08007954                SystemInit
 .text.SetSysClock
                0x080079ac       0xf4 ..\obj\system_stm32f4xx.o
 .text.udp_input
                0x08007aa0      0x290 ..\obj\udp.o
                0x08007aa0                udp_input
 .text.udp_sendto_if
                0x08007d30      0x128 ..\obj\udp.o
                0x08007d30                udp_sendto_if
 .text.udp_bind
                0x08007e58       0xc0 ..\obj\udp.o
                0x08007e58                udp_bind
 .text.ip_route
                0x08007f18       0x70 ..\obj\ip.o
                0x08007f18                ip_route
 .text.ip_input
                0x08007f88      0x278 ..\obj\ip.o
                0x08007f88                ip_input
 .text.ip_output_if
                0x08008200      0x194 ..\obj\ip.o
                0x08008200                ip_output_if
 .text.ip_output
                0x08008394       0x4c ..\obj\ip.o
                0x08008394                ip_output
 .text.EXTI_Init
                0x080083e0       0xe4 ..\obj\stm32f4xx_exti.o
                0x080083e0                EXTI_Init
 .text.icmp_input
                0x080084c4      0x200 ..\obj\icmp.o
                0x080084c4                icmp_input
 .text.icmp_dest_unreach
                0x080086c4       0x20 ..\obj\icmp.o
                0x080086c4                icmp_dest_unreach
 .text.icmp_time_exceeded
                0x080086e4       0x20 ..\obj\icmp.o
                0x080086e4                icmp_time_exceeded
 .text.icmp_send_response
                0x08008704       0xa8 ..\obj\icmp.o
 .text.NVIC_PriorityGroupConfig
                0x080087ac       0x24 ..\obj\misc.o
                0x080087ac                NVIC_PriorityGroupConfig
 .text.NVIC_Init
                0x080087d0       0xc0 ..\obj\misc.o
                0x080087d0                NVIC_Init
 .text.dhcp_arp_reply
                0x08008890       0x40 ..\obj\dhcp.o
                0x08008890                dhcp_arp_reply
 .text.dhcp_decline
                0x080088d0       0xd4 ..\obj\dhcp.o
 .text.dhcp_set_state
                0x080089a4       0x2c ..\obj\dhcp.o
 .text.dhcp_option
                0x080089d0       0x4c ..\obj\dhcp.o
 .text.dhcp_option_byte
                0x08008a1c       0x30 ..\obj\dhcp.o
 .text.dhcp_option_long
                0x08008a4c       0x98 ..\obj\dhcp.o
 .text.dhcp_create_request
                0x08008ae4      0x1e8 ..\obj\dhcp.o
 .text.dhcp_delete_request
                0x08008ccc       0x44 ..\obj\dhcp.o
 .text.dhcp_option_trailer
                0x08008d10       0x60 ..\obj\dhcp.o
 .text.tcp_output_set_header
                0x08008d70       0xec ..\obj\tcp_out.o
 .text.tcp_send_ctrl
                0x08008e5c       0x2c ..\obj\tcp_out.o
                0x08008e5c                tcp_send_ctrl
 .text.tcp_write
                0x08008e88       0x64 ..\obj\tcp_out.o
                0x08008e88                tcp_write
 .text.tcp_enqueue
                0x08008eec      0x5b4 ..\obj\tcp_out.o
                0x08008eec                tcp_enqueue
 .text.tcp_send_empty_ack
                0x080094a0       0x6c ..\obj\tcp_out.o
                0x080094a0                tcp_send_empty_ack
 .text.tcp_output
                0x0800950c      0x2d4 ..\obj\tcp_out.o
                0x0800950c                tcp_output
 .text.tcp_output_segment
                0x080097e0      0x144 ..\obj\tcp_out.o
 .text.tcp_rst  0x08009924       0xf0 ..\obj\tcp_out.o
                0x08009924                tcp_rst
 .text.tcp_rexmit_rto
                0x08009a14       0x60 ..\obj\tcp_out.o
                0x08009a14                tcp_rexmit_rto
 .text.tcp_rexmit
                0x08009a74       0x84 ..\obj\tcp_out.o
                0x08009a74                tcp_rexmit
 .text.tcp_rexmit_fast
                0x08009af8       0xac ..\obj\tcp_out.o
                0x08009af8                tcp_rexmit_fast
 .text.tcp_keepalive
                0x08009ba4       0x44 ..\obj\tcp_out.o
                0x08009ba4                tcp_keepalive
 .text.tcp_zero_window_probe
                0x08009be8       0xe0 ..\obj\tcp_out.o
                0x08009be8                tcp_zero_window_probe
 .text.raw_input
                0x08009cc8       0xac ..\obj\raw.o
                0x08009cc8                raw_input
 .text.__itoa   0x08009d74       0x30 c:/program files (x86)/gnu tools arm embedded/4.9 2015q1/bin/../lib/gcc/arm-none-eabi/4.9.3/../../../../arm-none-eabi/lib/armv7e-m\libg.a(lib_a-itoa.o)
                0x08009d74                __itoa
 .text.itoa     0x08009da4        0x4 c:/program files (x86)/gnu tools arm embedded/4.9 2015q1/bin/../lib/gcc/arm-none-eabi/4.9.3/../../../../arm-none-eabi/lib/armv7e-m\libg.a(lib_a-itoa.o)
                0x08009da4                itoa
 .text.memcmp   0x08009da8       0x64 c:/program files (x86)/gnu tools arm embedded/4.9 2015q1/bin/../lib/gcc/arm-none-eabi/4.9.3/../../../../arm-none-eabi/lib/armv7e-m\libg.a(lib_a-memcmp.o)
                0x08009da8                memcmp
 .text          0x08009e0c      0x134 c:/program files (x86)/gnu tools arm embedded/4.9 2015q1/bin/../lib/gcc/arm-none-eabi/4.9.3/../../../../arm-none-eabi/lib/armv7e-m\libg.a(lib_a-memcpy.o)
                0x08009e0c                memcpy
 .text.memset   0x08009f40       0x9c c:/program files (x86)/gnu tools arm embedded/4.9 2015q1/bin/../lib/gcc/arm-none-eabi/4.9.3/../../../../arm-none-eabi/lib/armv7e-m\libg.a(lib_a-memset.o)
                0x08009f40                memset
 .text.strcat   0x08009fdc       0x40 c:/program files (x86)/gnu tools arm embedded/4.9 2015q1/bin/../lib/gcc/arm-none-eabi/4.9.3/../../../../arm-none-eabi/lib/armv7e-m\libg.a(lib_a-strcat.o)
                0x08009fdc                strcat
 *fill*         0x0800a01c        0x4 
 .text          0x0800a020      0x2e0 c:/program files (x86)/gnu tools arm embedded/4.9 2015q1/bin/../lib/gcc/arm-none-eabi/4.9.3/../../../../arm-none-eabi/lib/armv7e-m\libg.a(lib_a-strcmp.o)
                0x0800a028                strcmp
 .text.strcpy   0x0800a300       0xbc c:/program files (x86)/gnu tools arm embedded/4.9 2015q1/bin/../lib/gcc/arm-none-eabi/4.9.3/../../../../arm-none-eabi/lib/armv7e-m\libg.a(lib_a-strcpy.o)
                0x0800a300                strcpy
 .text.strlen   0x0800a3bc       0x5c c:/program files (x86)/gnu tools arm embedded/4.9 2015q1/bin/../lib/gcc/arm-none-eabi/4.9.3/../../../../arm-none-eabi/lib/armv7e-m\libg.a(lib_a-strlen.o)
                0x0800a3bc                strlen
 .text.__utoa   0x0800a418       0x80 c:/program files (x86)/gnu tools arm embedded/4.9 2015q1/bin/../lib/gcc/arm-none-eabi/4.9.3/../../../../arm-none-eabi/lib/armv7e-m\libg.a(lib_a-utoa.o)
                0x0800a418                __utoa
 *(.init)
 *(.fini)
 *crtbegin.o(.ctors)
 *crtbegin?.o(.ctors)
 *(EXCLUDE_FILE(*crtend.o *crtend?.o) .ctors)
 *(SORT(.ctors.*))
 *(.ctors)
 *crtbegin.o(.dtors)
 *crtbegin?.o(.dtors)
 *(EXCLUDE_FILE(*crtend.o *crtend?.o) .dtors)
 *(SORT(.dtors.*))
 *(.dtors)
 *(.rodata*)
 .rodata        0x0800a498       0x90 ..\obj\tcp.o
                0x0800a510                tcp_backoff
                0x0800a520                tcp_persist_backoff
 .rodata        0x0800a528       0x28 ..\obj\memp.o
 .rodata        0x0800a550        0x8 ..\obj\ip_addr.o
                0x0800a550                ip_addr_any
                0x0800a554                ip_addr_broadcast
 .rodata        0x0800a558       0x18 ..\obj\main.o
 .rodata        0x0800a570       0x10 ..\obj\etharp.o
                0x0800a570                ethbroadcast
                0x0800a578                ethzero
 .rodata.str1.4
                0x0800a580       0x28 c:/program files (x86)/gnu tools arm embedded/4.9 2015q1/bin/../lib/gcc/arm-none-eabi/4.9.3/../../../../arm-none-eabi/lib/armv7e-m\libg.a(lib_a-utoa.o)
 *(.eh_fram e*)

.glue_7         0x0800a5a8        0x0
 .glue_7        0x00000000        0x0 linker stubs

.glue_7t        0x0800a5a8        0x0
 .glue_7t       0x00000000        0x0 linker stubs

.vfp11_veneer   0x0800a5a8        0x0
 .vfp11_veneer  0x00000000        0x0 linker stubs

.v4_bx          0x0800a5a8        0x0
 .v4_bx         0x00000000        0x0 linker stubs

.iplt           0x0800a5a8        0x0
 .iplt          0x00000000        0x0 ..\obj\stm32f4xx_syscfg.o

.rel.dyn        0x0800a5a8        0x0
 .rel.iplt      0x00000000        0x0 ..\obj\stm32f4xx_syscfg.o

.ARM.extab
 *(.ARM.extab* .gnu.linkonce.armextab.*)
                0x0800a5a8                __exidx_start = .

.ARM.exidx
 *(.ARM.exidx* .gnu.linkonce.armexidx.*)
                0x0800a5a8                __exidx_end = .
                0x0800a5a8                __etext = .
                0x0800a5a8                _sidata = __etext

.data           0x20000000       0xac load address 0x0800a5a8
                0x20000000                __data_start__ = .
                0x20000000                _sdata = __data_start__
 *(vtable)
 *(.data*)
 .data          0x20000000       0x34 ..\obj\tcp.o
                0x20000000                tcp_state_str
 .data          0x20000034       0x50 ..\obj\stm32_ub_led.o
                0x20000034                LED
 .data          0x20000084       0x10 ..\obj\stm32f4xx_rcc.o
 .data          0x20000094       0x14 ..\obj\stm32_ub_adc1_single.o
                0x20000094                ADC1s
 .data          0x200000a8        0x4 ..\obj\dhcp.o
                0x200000ac                . = ALIGN (0x4)
                0x200000ac                PROVIDE (__preinit_array_start, .)
 *(.preinit_array)
                0x200000ac                PROVIDE (__preinit_array_end, .)
                0x200000ac                . = ALIGN (0x4)
                0x200000ac                PROVIDE (__init_array_start, .)
 *(SORT(.init_array.*))
 *(.init_array)
                0x200000ac                PROVIDE (__init_array_end, .)
                0x200000ac                . = ALIGN (0x4)
                0x200000ac                PROVIDE (__fini_array_start, .)
 *(SORT(.fini_array.*))
 *(.fini_array)
                0x200000ac                PROVIDE (__fini_array_end, .)
 *(.jcr*)
                0x200000ac                . = ALIGN (0x4)
                0x200000ac                __data_end__ = .
                0x200000ac                _edata = __data_end__

.igot.plt       0x200000ac        0x0 load address 0x0800a654
 .igot.plt      0x00000000        0x0 ..\obj\stm32f4xx_syscfg.o

.bss            0x200000ac     0xba14 load address 0x0800a654
                0x200000ac                . = ALIGN (0x4)
                0x200000ac                __bss_start__ = .
                0x200000ac                _sbss = __bss_start__
 *(.bss*)
 .bss           0x200000ac     0x2824 ..\obj\mem.o
 .bss           0x200028d0        0x1 ..\obj\tcp.o
 *fill*         0x200028d1        0x3 
 .bss           0x200028d4       0x30 ..\obj\tcp_in.o
 .bss           0x20002904     0x4d90 ..\obj\memp.o
 .bss           0x20007694      0x5e8 ..\obj\ip_frag.o
 .bss           0x20007c7c        0x8 ..\obj\main.o
                0x20007c80                LocalTime
 .bss           0x20007c84        0xc ..\obj\netconf.o
                0x20007c84                TCPTimer
                0x20007c88                ARPTimer
                0x20007c8c                IPaddress
 .bss           0x20007c90        0x8 ..\obj\stm32f4x7_eth_bsp.o
                0x20007c90                EthInitStatus
                0x20007c94                EthLinkStatus
 .bss           0x20007c98       0xcc ..\obj\etharp.o
 .bss           0x20007d64        0x1 ..\obj\netif.o
 *fill*         0x20007d65        0x1 
 .bss           0x20007d66        0x2 ..\obj\ip.o
 .bss           0x20007d68        0x4 ..\obj\raw.o
 *(COMMON)
 COMMON         0x20007d6c       0x18 ..\obj\tcp.o
                0x20007d6c                tcp_active_pcbs
                0x20007d70                tcp_ticks
                0x20007d74                tcp_listen_pcbs
                0x20007d78                tcp_tmp_pcb
                0x20007d7c                tcp_bound_pcbs
                0x20007d80                tcp_tw_pcbs
 COMMON         0x20007d84        0x4 ..\obj\tcp_in.o
                0x20007d84                tcp_input_pcb
 COMMON         0x20007d88     0x3ce4 ..\obj\stm32f4x7_eth.o
                0x20007d88                RX_Frame_Descriptor
                0x20007d94                DMARxDescToGet
                0x20007d98                DMATxDescToSet
                0x20007d9c                DMATxDscrTab
                0x20007e3c                Rx_Buff
                0x20009c00                Frame_Rx_index
                0x20009c04                DMA_RX_FRAME_infos
                0x20009c08                DMARxDscrTab
                0x20009ca8                Tx_Buff
 COMMON         0x2000ba6c        0x6 ..\obj\main.o
                0x2000ba6c                temperatura
 *fill*         0x2000ba72        0x2 
 COMMON         0x2000ba74       0x38 ..\obj\netconf.o
                0x2000ba74                netif
 COMMON         0x2000baac        0x8 ..\obj\netif.o
                0x2000baac                netif_list
                0x2000bab0                netif_default
 COMMON         0x2000bab4        0x4 ..\obj\udp.o
                0x2000bab4                udp_pcbs
 COMMON         0x2000bab8        0x8 ..\obj\ip.o
                0x2000bab8                current_netif
                0x2000babc                current_header
                0x2000bac0                . = ALIGN (0x4)
                0x2000bac0                __bss_end__ = .
                0x2000bac0                _ebss = __bss_end__

.heap           0x2000bac0        0x0
                0x2000bac0                __end__ = .
                0x2000bac0                _end = __end__
                0x2000bac0                end = __end__
 *(.heap*)
                0x2000bac0                __HeapLimit = .

.co_stack       0x2000bac0      0x800 load address 0x08016068
                0x2000bac0                . = ALIGN (0x8)
 *(.co_stack .co_stack.*)
 .co_stack      0x2000bac0      0x800 ..\obj\startup_stm32f4xx.o
                0x2000bac0                pulStack
                0x20020000                __StackTop = (ORIGIN (ram) + 0x20000)
                0x2001f800                __StackLimit = (__StackTop - SIZEOF (.co_stack))
                0x20020000                PROVIDE (__stack, __StackTop)
                0x00000001                ASSERT ((__StackLimit >= __HeapLimit), region ram  overflowed with stack)
LOAD ..\obj\stm32f4xx_syscfg.o
LOAD ..\obj\mem.o
LOAD ..\obj\tcp.o
LOAD ..\obj\err.o
LOAD ..\obj\randm.o
LOAD ..\obj\mib_structs.o
LOAD ..\obj\tcp_in.o
LOAD ..\obj\slipif.o
LOAD ..\obj\memp.o
LOAD ..\obj\autoip.o
LOAD ..\obj\ip_frag.o
LOAD ..\obj\msg_out.o
LOAD ..\obj\netbuf.o
LOAD ..\obj\tcpip.o
LOAD ..\obj\asn1_dec.o
LOAD ..\obj\lcp.o
LOAD ..\obj\vj.o
LOAD ..\obj\startup_stm32f4xx.o
LOAD ..\obj\stm32_ub_led.o
LOAD ..\obj\stm32f4x7_eth.o
LOAD ..\obj\sys.o
LOAD ..\obj\ip_addr.o
LOAD ..\obj\inet_chksum.o
LOAD ..\obj\main.o
LOAD ..\obj\stm32f4xx_rcc.o
LOAD ..\obj\netconf.o
LOAD ..\obj\mib2.o
LOAD ..\obj\netdb.o
LOAD ..\obj\init.o
LOAD ..\obj\stm32f4xx_adc.o
LOAD ..\obj\stm32f4x7_eth_bsp.o
LOAD ..\obj\ethernetif.o
LOAD ..\obj\chpms.o
LOAD ..\obj\stm32_ub_adc1_single.o
LOAD ..\obj\etharp.o
LOAD ..\obj\magic.o
LOAD ..\obj\pbuf.o
LOAD ..\obj\stats.o
LOAD ..\obj\inet.o
LOAD ..\obj\msg_in.o
LOAD ..\obj\netif.o
LOAD ..\obj\asn1_enc.o
LOAD ..\obj\fsm.o
LOAD ..\obj\api_msg.o
LOAD ..\obj\chap.o
LOAD ..\obj\stm32f4xx_gpio.o
LOAD ..\obj\md5.o
LOAD ..\obj\system_stm32f4xx.o
LOAD ..\obj\sockets.o
LOAD ..\obj\igmp.o
LOAD ..\obj\pap.o
LOAD ..\obj\udp.o
LOAD ..\obj\ip.o
LOAD ..\obj\auth.o
LOAD ..\obj\stm32f4xx_exti.o
LOAD ..\obj\ppp_oe.o
LOAD ..\obj\icmp.o
LOAD ..\obj\dns.o
LOAD ..\obj\netifapi.o
LOAD ..\obj\misc.o
LOAD ..\obj\api_lib.o
LOAD ..\obj\dhcp.o
LOAD ..\obj\ppp.o
LOAD ..\obj\ipcp.o
LOAD ..\obj\tcp_out.o
LOAD ..\obj\loopif.o
LOAD ..\obj\raw.o
START GROUP
LOAD c:/program files (x86)/gnu tools arm embedded/4.9 2015q1/bin/../lib/gcc/arm-none-eabi/4.9.3/armv7e-m\libgcc.a
LOAD c:/program files (x86)/gnu tools arm embedded/4.9 2015q1/bin/../lib/gcc/arm-none-eabi/4.9.3/../../../../arm-none-eabi/lib/armv7e-m\libg.a
LOAD c:/program files (x86)/gnu tools arm embedded/4.9 2015q1/bin/../lib/gcc/arm-none-eabi/4.9.3/../../../../arm-none-eabi/lib/armv7e-m\libc.a
END GROUP
OUTPUT(Demo_44.elf elf32-littlearm)

.debug_info     0x00000000    0x1162a
 .debug_info    0x00000000      0x26c ..\obj\stm32f4xx_syscfg.o
 .debug_info    0x0000026c      0x345 ..\obj\mem.o
 .debug_info    0x000005b1     0x1143 ..\obj\tcp.o
 .debug_info    0x000016f4      0xbeb ..\obj\tcp_in.o
 .debug_info    0x000022df      0x253 ..\obj\memp.o
 .debug_info    0x00002532      0x653 ..\obj\autoip.o
 .debug_info    0x00002b85      0x8a9 ..\obj\ip_frag.o
 .debug_info    0x0000342e       0xed ..\obj\startup_stm32f4xx.o
 .debug_info    0x0000351b      0x41a ..\obj\stm32_ub_led.o
 .debug_info    0x00003935     0x18f9 ..\obj\stm32f4x7_eth.o
 .debug_info    0x0000522e      0x2ff ..\obj\ip_addr.o
 .debug_info    0x0000552d      0x2a0 ..\obj\inet_chksum.o
 .debug_info    0x000057cd      0xa0c ..\obj\main.o
 .debug_info    0x000061d9      0xc4d ..\obj\stm32f4xx_rcc.o
 .debug_info    0x00006e26      0x689 ..\obj\netconf.o
 .debug_info    0x000074af      0xc38 ..\obj\stm32f4xx_adc.o
 .debug_info    0x000080e7      0xd13 ..\obj\stm32f4x7_eth_bsp.o
 .debug_info    0x00008dfa      0xa6b ..\obj\ethernetif.o
 .debug_info    0x00009865      0x68b ..\obj\stm32_ub_adc1_single.o
 .debug_info    0x00009ef0      0xef1 ..\obj\etharp.o
 .debug_info    0x0000ade1      0x667 ..\obj\pbuf.o
 .debug_info    0x0000b448      0x2e1 ..\obj\inet.o
 .debug_info    0x0000b729      0xe3c ..\obj\netif.o
 .debug_info    0x0000c565      0x602 ..\obj\stm32f4xx_gpio.o
 .debug_info    0x0000cb67      0x592 ..\obj\system_stm32f4xx.o
 .debug_info    0x0000d0f9      0xabb ..\obj\udp.o
 .debug_info    0x0000dbb4      0x8ba ..\obj\ip.o
 .debug_info    0x0000e46e      0x347 ..\obj\stm32f4xx_exti.o
 .debug_info    0x0000e7b5      0x591 ..\obj\icmp.o
 .debug_info    0x0000ed46      0x53d ..\obj\misc.o
 .debug_info    0x0000f283     0x1057 ..\obj\dhcp.o
 .debug_info    0x000102da      0xcc0 ..\obj\tcp_out.o
 .debug_info    0x00010f9a      0x690 ..\obj\raw.o

.debug_abbrev   0x00000000     0x3741
 .debug_abbrev  0x00000000      0x131 ..\obj\stm32f4xx_syscfg.o
 .debug_abbrev  0x00000131      0x15e ..\obj\mem.o
 .debug_abbrev  0x0000028f      0x2c4 ..\obj\tcp.o
 .debug_abbrev  0x00000553      0x1e9 ..\obj\tcp_in.o
 .debug_abbrev  0x0000073c      0x11e ..\obj\memp.o
 .debug_abbrev  0x0000085a      0x1a5 ..\obj\autoip.o
 .debug_abbrev  0x000009ff      0x1df ..\obj\ip_frag.o
 .debug_abbrev  0x00000bde       0xb0 ..\obj\startup_stm32f4xx.o
 .debug_abbrev  0x00000c8e      0x149 ..\obj\stm32_ub_led.o
 .debug_abbrev  0x00000dd7      0x233 ..\obj\stm32f4x7_eth.o
 .debug_abbrev  0x0000100a       0xf3 ..\obj\ip_addr.o
 .debug_abbrev  0x000010fd      0x13c ..\obj\inet_chksum.o
 .debug_abbrev  0x00001239      0x2ad ..\obj\main.o
 .debug_abbrev  0x000014e6      0x1e3 ..\obj\stm32f4xx_rcc.o
 .debug_abbrev  0x000016c9      0x141 ..\obj\netconf.o
 .debug_abbrev  0x0000180a      0x196 ..\obj\stm32f4xx_adc.o
 .debug_abbrev  0x000019a0      0x1f8 ..\obj\stm32f4x7_eth_bsp.o
 .debug_abbrev  0x00001b98      0x206 ..\obj\ethernetif.o
 .debug_abbrev  0x00001d9e      0x17d ..\obj\stm32_ub_adc1_single.o
 .debug_abbrev  0x00001f1b      0x20a ..\obj\etharp.o
 .debug_abbrev  0x00002125      0x1a3 ..\obj\pbuf.o
 .debug_abbrev  0x000022c8      0x130 ..\obj\inet.o
 .debug_abbrev  0x000023f8      0x256 ..\obj\netif.o
 .debug_abbrev  0x0000264e      0x1a3 ..\obj\stm32f4xx_gpio.o
 .debug_abbrev  0x000027f1      0x136 ..\obj\system_stm32f4xx.o
 .debug_abbrev  0x00002927      0x20c ..\obj\udp.o
 .debug_abbrev  0x00002b33      0x195 ..\obj\ip.o
 .debug_abbrev  0x00002cc8      0x1a5 ..\obj\stm32f4xx_exti.o
 .debug_abbrev  0x00002e6d      0x19a ..\obj\icmp.o
 .debug_abbrev  0x00003007      0x145 ..\obj\misc.o
 .debug_abbrev  0x0000314c      0x21a ..\obj\dhcp.o
 .debug_abbrev  0x00003366      0x224 ..\obj\tcp_out.o
 .debug_abbrev  0x0000358a      0x1b7 ..\obj\raw.o

.debug_aranges  0x00000000     0x1098
 .debug_aranges
                0x00000000       0x48 ..\obj\stm32f4xx_syscfg.o
 .debug_aranges
                0x00000048       0x48 ..\obj\mem.o
 .debug_aranges
                0x00000090      0x110 ..\obj\tcp.o
 .debug_aranges
                0x000001a0       0x48 ..\obj\tcp_in.o
 .debug_aranges
                0x000001e8       0x30 ..\obj\memp.o
 .debug_aranges
                0x00000218       0x78 ..\obj\autoip.o
 .debug_aranges
                0x00000290       0x58 ..\obj\ip_frag.o
 .debug_aranges
                0x000002e8       0x28 ..\obj\startup_stm32f4xx.o
 .debug_aranges
                0x00000310       0x40 ..\obj\stm32_ub_led.o
 .debug_aranges
                0x00000350      0x2b8 ..\obj\stm32f4x7_eth.o
 .debug_aranges
                0x00000608       0x20 ..\obj\ip_addr.o
 .debug_aranges
                0x00000628       0x38 ..\obj\inet_chksum.o
 .debug_aranges
                0x00000660       0x78 ..\obj\main.o
 .debug_aranges
                0x000006d8      0x178 ..\obj\stm32f4xx_rcc.o
 .debug_aranges
                0x00000850       0x30 ..\obj\netconf.o
 .debug_aranges
                0x00000880      0x148 ..\obj\stm32f4xx_adc.o
 .debug_aranges
                0x000009c8       0x58 ..\obj\stm32f4x7_eth_bsp.o
 .debug_aranges
                0x00000a20       0x40 ..\obj\ethernetif.o
 .debug_aranges
                0x00000a60       0x40 ..\obj\stm32_ub_adc1_single.o
 .debug_aranges
                0x00000aa0       0x80 ..\obj\etharp.o
 .debug_aranges
                0x00000b20       0x80 ..\obj\pbuf.o
 .debug_aranges
                0x00000ba0       0x50 ..\obj\inet.o
 .debug_aranges
                0x00000bf0       0x70 ..\obj\netif.o
 .debug_aranges
                0x00000c60       0x88 ..\obj\stm32f4xx_gpio.o
 .debug_aranges
                0x00000ce8       0x30 ..\obj\system_stm32f4xx.o
 .debug_aranges
                0x00000d18       0x68 ..\obj\udp.o
 .debug_aranges
                0x00000d80       0x38 ..\obj\ip.o
 .debug_aranges
                0x00000db8       0x58 ..\obj\stm32f4xx_exti.o
 .debug_aranges
                0x00000e10       0x38 ..\obj\icmp.o
 .debug_aranges
                0x00000e48       0x40 ..\obj\misc.o
 .debug_aranges
                0x00000e88      0x138 ..\obj\dhcp.o
 .debug_aranges
                0x00000fc0       0x80 ..\obj\tcp_out.o
 .debug_aranges
                0x00001040       0x58 ..\obj\raw.o

.debug_ranges   0x00000000      0xe88
 .debug_ranges  0x00000000       0x38 ..\obj\stm32f4xx_syscfg.o
 .debug_ranges  0x00000038       0x38 ..\obj\mem.o
 .debug_ranges  0x00000070      0x100 ..\obj\tcp.o
 .debug_ranges  0x00000170       0x38 ..\obj\tcp_in.o
 .debug_ranges  0x000001a8       0x20 ..\obj\memp.o
 .debug_ranges  0x000001c8       0x68 ..\obj\autoip.o
 .debug_ranges  0x00000230       0x48 ..\obj\ip_frag.o
 .debug_ranges  0x00000278       0x18 ..\obj\startup_stm32f4xx.o
 .debug_ranges  0x00000290       0x30 ..\obj\stm32_ub_led.o
 .debug_ranges  0x000002c0      0x2a8 ..\obj\stm32f4x7_eth.o
 .debug_ranges  0x00000568       0x10 ..\obj\ip_addr.o
 .debug_ranges  0x00000578       0x28 ..\obj\inet_chksum.o
 .debug_ranges  0x000005a0       0x68 ..\obj\main.o
 .debug_ranges  0x00000608      0x168 ..\obj\stm32f4xx_rcc.o
 .debug_ranges  0x00000770       0x20 ..\obj\netconf.o
 .debug_ranges  0x00000790      0x138 ..\obj\stm32f4xx_adc.o
 .debug_ranges  0x000008c8       0x48 ..\obj\stm32f4x7_eth_bsp.o
 .debug_ranges  0x00000910       0x30 ..\obj\ethernetif.o
 .debug_ranges  0x00000940       0x30 ..\obj\stm32_ub_adc1_single.o
 .debug_ranges  0x00000970       0x70 ..\obj\etharp.o
 .debug_ranges  0x000009e0       0x70 ..\obj\pbuf.o
 .debug_ranges  0x00000a50       0x40 ..\obj\inet.o
 .debug_ranges  0x00000a90       0x60 ..\obj\netif.o
 .debug_ranges  0x00000af0       0x78 ..\obj\stm32f4xx_gpio.o
 .debug_ranges  0x00000b68       0x20 ..\obj\system_stm32f4xx.o
 .debug_ranges  0x00000b88       0x58 ..\obj\udp.o
 .debug_ranges  0x00000be0       0x28 ..\obj\ip.o
 .debug_ranges  0x00000c08       0x48 ..\obj\stm32f4xx_exti.o
 .debug_ranges  0x00000c50       0x28 ..\obj\icmp.o
 .debug_ranges  0x00000c78       0x30 ..\obj\misc.o
 .debug_ranges  0x00000ca8      0x128 ..\obj\dhcp.o
 .debug_ranges  0x00000dd0       0x70 ..\obj\tcp_out.o
 .debug_ranges  0x00000e40       0x48 ..\obj\raw.o

.debug_line     0x00000000     0x9e4c
 .debug_line    0x00000000      0x2d4 ..\obj\stm32f4xx_syscfg.o
 .debug_line    0x000002d4      0x312 ..\obj\mem.o
 .debug_line    0x000005e6      0x8b4 ..\obj\tcp.o
 .debug_line    0x00000e9a      0x80d ..\obj\tcp_in.o
 .debug_line    0x000016a7      0x26c ..\obj\memp.o
 .debug_line    0x00001913      0x4f5 ..\obj\autoip.o
 .debug_line    0x00001e08      0x4d2 ..\obj\ip_frag.o
 .debug_line    0x000022da       0xdb ..\obj\startup_stm32f4xx.o
 .debug_line    0x000023b5      0x362 ..\obj\stm32_ub_led.o
 .debug_line    0x00002717      0xbde ..\obj\stm32f4x7_eth.o
 .debug_line    0x000032f5      0x2ce ..\obj\ip_addr.o
 .debug_line    0x000035c3      0x330 ..\obj\inet_chksum.o
 .debug_line    0x000038f3      0x59c ..\obj\main.o
 .debug_line    0x00003e8f      0x698 ..\obj\stm32f4xx_rcc.o
 .debug_line    0x00004527      0x432 ..\obj\netconf.o
 .debug_line    0x00004959      0x649 ..\obj\stm32f4xx_adc.o
 .debug_line    0x00004fa2      0x457 ..\obj\stm32f4x7_eth_bsp.o
 .debug_line    0x000053f9      0x5eb ..\obj\ethernetif.o
 .debug_line    0x000059e4      0x3d2 ..\obj\stm32_ub_adc1_single.o
 .debug_line    0x00005db6      0x663 ..\obj\etharp.o
 .debug_line    0x00006419      0x4be ..\obj\pbuf.o
 .debug_line    0x000068d7      0x354 ..\obj\inet.o
 .debug_line    0x00006c2b      0x46e ..\obj\netif.o
 .debug_line    0x00007099      0x43a ..\obj\stm32f4xx_gpio.o
 .debug_line    0x000074d3      0x271 ..\obj\system_stm32f4xx.o
 .debug_line    0x00007744      0x50f ..\obj\udp.o
 .debug_line    0x00007c53      0x42b ..\obj\ip.o
 .debug_line    0x0000807e      0x39c ..\obj\stm32f4xx_exti.o
 .debug_line    0x0000841a      0x352 ..\obj\icmp.o
 .debug_line    0x0000876c      0x33c ..\obj\misc.o
 .debug_line    0x00008aa8      0x974 ..\obj\dhcp.o
 .debug_line    0x0000941c      0x655 ..\obj\tcp_out.o
 .debug_line    0x00009a71      0x3db ..\obj\raw.o

.debug_str      0x00000000     0x5bc3
 .debug_str     0x00000000      0x2d0 ..\obj\stm32f4xx_syscfg.o
                                0x32e (size before relaxing)
 .debug_str     0x000002d0      0x1bd ..\obj\mem.o
                                0x2db (size before relaxing)
 .debug_str     0x0000048d      0x5f4 ..\obj\tcp.o
                                0x88a (size before relaxing)
 .debug_str     0x00000a81      0x1a1 ..\obj\tcp_in.o
                                0x721 (size before relaxing)
 .debug_str     0x00000c22       0xe6 ..\obj\memp.o
                                0x315 (size before relaxing)
 .debug_str     0x00000d08      0x22e ..\obj\autoip.o
                                0x473 (size before relaxing)
 .debug_str     0x00000f36      0x2c7 ..\obj\ip_frag.o
                                0x5e2 (size before relaxing)
 .debug_str     0x000011fd       0xea ..\obj\startup_stm32f4xx.o
                                0x181 (size before relaxing)
 .debug_str     0x000012e7      0x2df ..\obj\stm32_ub_led.o
                                0x438 (size before relaxing)
 .debug_str     0x000015c6     0x129c ..\obj\stm32f4x7_eth.o
                               0x149c (size before relaxing)
 .debug_str     0x00002862       0xc9 ..\obj\ip_addr.o
                                0x2f4 (size before relaxing)
 .debug_str     0x0000292b       0xfd ..\obj\inet_chksum.o
                                0x2d5 (size before relaxing)
 .debug_str     0x00002a28      0x1fa ..\obj\main.o
                                0x696 (size before relaxing)
 .debug_str     0x00002c22      0x61d ..\obj\stm32f4xx_rcc.o
                                0x88a (size before relaxing)
 .debug_str     0x0000323f      0x22c ..\obj\netconf.o
                                0x4e7 (size before relaxing)
 .debug_str     0x0000346b      0x66e ..\obj\stm32f4xx_adc.o
                                0x83e (size before relaxing)
 .debug_str     0x00003ad9      0x868 ..\obj\stm32f4x7_eth_bsp.o
                               0x10aa (size before relaxing)
 .debug_str     0x00004341      0x107 ..\obj\ethernetif.o
                                0x741 (size before relaxing)
 .debug_str     0x00004448      0x1ba ..\obj\stm32_ub_adc1_single.o
                                0x69d (size before relaxing)
 .debug_str     0x00004602      0x2c6 ..\obj\etharp.o
                                0x865 (size before relaxing)
 .debug_str     0x000048c8      0x1d0 ..\obj\pbuf.o
                                0x4a7 (size before relaxing)
 .debug_str     0x00004a98       0xdf ..\obj\inet.o
                                0x27e (size before relaxing)
 .debug_str     0x00004b77      0x14d ..\obj\netif.o
                                0x7c5 (size before relaxing)
 .debug_str     0x00004cc4      0x1d7 ..\obj\stm32f4xx_gpio.o
                                0x4dd (size before relaxing)
 .debug_str     0x00004e9b       0xfe ..\obj\system_stm32f4xx.o
                                0x3e4 (size before relaxing)
 .debug_str     0x00004f99      0x1a6 ..\obj\udp.o
                                0x6c7 (size before relaxing)
 .debug_str     0x0000513f      0x107 ..\obj\ip.o
                                0x5a8 (size before relaxing)
 .debug_str     0x00005246      0x13a ..\obj\stm32f4xx_exti.o
                                0x393 (size before relaxing)
 .debug_str     0x00005380      0x114 ..\obj\icmp.o
                                0x461 (size before relaxing)
 .debug_str     0x00005494      0x146 ..\obj\misc.o
                                0x408 (size before relaxing)
 .debug_str     0x000055da      0x352 ..\obj\dhcp.o
                                0x7fc (size before relaxing)
 .debug_str     0x0000592c      0x198 ..\obj\tcp_out.o
                                0x719 (size before relaxing)
 .debug_str     0x00005ac4       0xff ..\obj\raw.o
                                0x481 (size before relaxing)

.comment        0x00000000       0x70
 .comment       0x00000000       0x70 ..\obj\stm32f4xx_syscfg.o
                                 0x71 (size before relaxing)
 .comment       0x00000000       0x71 ..\obj\mem.o
 .comment       0x00000000       0x71 ..\obj\tcp.o
 .comment       0x00000000       0x71 ..\obj\tcp_in.o
 .comment       0x00000000       0x71 ..\obj\memp.o
 .comment       0x00000000       0x71 ..\obj\autoip.o
 .comment       0x00000000       0x71 ..\obj\ip_frag.o
 .comment       0x00000000       0x71 ..\obj\startup_stm32f4xx.o
 .comment       0x00000000       0x71 ..\obj\stm32_ub_led.o
 .comment       0x00000000       0x71 ..\obj\stm32f4x7_eth.o
 .comment       0x00000000       0x71 ..\obj\ip_addr.o
 .comment       0x00000000       0x71 ..\obj\inet_chksum.o
 .comment       0x00000000       0x71 ..\obj\main.o
 .comment       0x00000000       0x71 ..\obj\stm32f4xx_rcc.o
 .comment       0x00000000       0x71 ..\obj\netconf.o
 .comment       0x00000000       0x71 ..\obj\stm32f4xx_adc.o
 .comment       0x00000000       0x71 ..\obj\stm32f4x7_eth_bsp.o
 .comment       0x00000000       0x71 ..\obj\ethernetif.o
 .comment       0x00000000       0x71 ..\obj\stm32_ub_adc1_single.o
 .comment       0x00000000       0x71 ..\obj\etharp.o
 .comment       0x00000000       0x71 ..\obj\pbuf.o
 .comment       0x00000000       0x71 ..\obj\inet.o
 .comment       0x00000000       0x71 ..\obj\netif.o
 .comment       0x00000000       0x71 ..\obj\stm32f4xx_gpio.o
 .comment       0x00000000       0x71 ..\obj\system_stm32f4xx.o
 .comment       0x00000000       0x71 ..\obj\udp.o
 .comment       0x00000000       0x71 ..\obj\ip.o
 .comment       0x00000000       0x71 ..\obj\stm32f4xx_exti.o
 .comment       0x00000000       0x71 ..\obj\icmp.o
 .comment       0x00000000       0x71 ..\obj\misc.o
 .comment       0x00000000       0x71 ..\obj\dhcp.o
 .comment       0x00000000       0x71 ..\obj\tcp_out.o
 .comment       0x00000000       0x71 ..\obj\raw.o

.ARM.attributes
                0x00000000       0x31
 .ARM.attributes
                0x00000000       0x33 ..\obj\stm32f4xx_syscfg.o
 .ARM.attributes
                0x00000033       0x33 ..\obj\mem.o
 .ARM.attributes
                0x00000066       0x33 ..\obj\tcp.o
 .ARM.attributes
                0x00000099       0x33 ..\obj\tcp_in.o
 .ARM.attributes
                0x000000cc       0x33 ..\obj\memp.o
 .ARM.attributes
                0x000000ff       0x33 ..\obj\autoip.o
 .ARM.attributes
                0x00000132       0x33 ..\obj\ip_frag.o
 .ARM.attributes
                0x00000165       0x33 ..\obj\startup_stm32f4xx.o
 .ARM.attributes
                0x00000198       0x33 ..\obj\stm32_ub_led.o
 .ARM.attributes
                0x000001cb       0x33 ..\obj\stm32f4x7_eth.o
 .ARM.attributes
                0x000001fe       0x33 ..\obj\ip_addr.o
 .ARM.attributes
                0x00000231       0x33 ..\obj\inet_chksum.o
 .ARM.attributes
                0x00000264       0x33 ..\obj\main.o
 .ARM.attributes
                0x00000297       0x33 ..\obj\stm32f4xx_rcc.o
 .ARM.attributes
                0x000002ca       0x33 ..\obj\netconf.o
 .ARM.attributes
                0x000002fd       0x33 ..\obj\stm32f4xx_adc.o
 .ARM.attributes
                0x00000330       0x33 ..\obj\stm32f4x7_eth_bsp.o
 .ARM.attributes
                0x00000363       0x33 ..\obj\ethernetif.o
 .ARM.attributes
                0x00000396       0x33 ..\obj\stm32_ub_adc1_single.o
 .ARM.attributes
                0x000003c9       0x33 ..\obj\etharp.o
 .ARM.attributes
                0x000003fc       0x33 ..\obj\pbuf.o
 .ARM.attributes
                0x0000042f       0x33 ..\obj\inet.o
 .ARM.attributes
                0x00000462       0x33 ..\obj\netif.o
 .ARM.attributes
                0x00000495       0x33 ..\obj\stm32f4xx_gpio.o
 .ARM.attributes
                0x000004c8       0x33 ..\obj\system_stm32f4xx.o
 .ARM.attributes
                0x000004fb       0x33 ..\obj\udp.o
 .ARM.attributes
                0x0000052e       0x33 ..\obj\ip.o
 .ARM.attributes
                0x00000561       0x33 ..\obj\stm32f4xx_exti.o
 .ARM.attributes
                0x00000594       0x33 ..\obj\icmp.o
 .ARM.attributes
                0x000005c7       0x33 ..\obj\misc.o
 .ARM.attributes
                0x000005fa       0x33 ..\obj\dhcp.o
 .ARM.attributes
                0x0000062d       0x33 ..\obj\tcp_out.o
 .ARM.attributes
                0x00000660       0x33 ..\obj\raw.o
 .ARM.attributes
                0x00000693       0x2e c:/program files (x86)/gnu tools arm embedded/4.9 2015q1/bin/../lib/gcc/arm-none-eabi/4.9.3/../../../../arm-none-eabi/lib/armv7e-m\libg.a(lib_a-itoa.o)
 .ARM.attributes
                0x000006c1       0x2e c:/program files (x86)/gnu tools arm embedded/4.9 2015q1/bin/../lib/gcc/arm-none-eabi/4.9.3/../../../../arm-none-eabi/lib/armv7e-m\libg.a(lib_a-memcmp.o)
 .ARM.attributes
                0x000006ef       0x1c c:/program files (x86)/gnu tools arm embedded/4.9 2015q1/bin/../lib/gcc/arm-none-eabi/4.9.3/../../../../arm-none-eabi/lib/armv7e-m\libg.a(lib_a-memcpy.o)
 .ARM.attributes
                0x0000070b       0x2e c:/program files (x86)/gnu tools arm embedded/4.9 2015q1/bin/../lib/gcc/arm-none-eabi/4.9.3/../../../../arm-none-eabi/lib/armv7e-m\libg.a(lib_a-memset.o)
 .ARM.attributes
                0x00000739       0x2e c:/program files (x86)/gnu tools arm embedded/4.9 2015q1/bin/../lib/gcc/arm-none-eabi/4.9.3/../../../../arm-none-eabi/lib/armv7e-m\libg.a(lib_a-strcat.o)
 .ARM.attributes
                0x00000767       0x1c c:/program files (x86)/gnu tools arm embedded/4.9 2015q1/bin/../lib/gcc/arm-none-eabi/4.9.3/../../../../arm-none-eabi/lib/armv7e-m\libg.a(lib_a-strcmp.o)
 .ARM.attributes
                0x00000783       0x2e c:/program files (x86)/gnu tools arm embedded/4.9 2015q1/bin/../lib/gcc/arm-none-eabi/4.9.3/../../../../arm-none-eabi/lib/armv7e-m\libg.a(lib_a-strcpy.o)
 .ARM.attributes
                0x000007b1       0x2e c:/program files (x86)/gnu tools arm embedded/4.9 2015q1/bin/../lib/gcc/arm-none-eabi/4.9.3/../../../../arm-none-eabi/lib/armv7e-m\libg.a(lib_a-strlen.o)
 .ARM.attributes
                0x000007df       0x2e c:/program files (x86)/gnu tools arm embedded/4.9 2015q1/bin/../lib/gcc/arm-none-eabi/4.9.3/../../../../arm-none-eabi/lib/armv7e-m\libg.a(lib_a-utoa.o)

.debug_frame    0x00000000     0x43d8
 .debug_frame   0x00000000       0xf4 ..\obj\stm32f4xx_syscfg.o
 .debug_frame   0x000000f4       0xf8 ..\obj\mem.o
 .debug_frame   0x000001ec      0x498 ..\obj\tcp.o
 .debug_frame   0x00000684      0x110 ..\obj\tcp_in.o
 .debug_frame   0x00000794       0x88 ..\obj\memp.o
 .debug_frame   0x0000081c      0x1c8 ..\obj\autoip.o
 .debug_frame   0x000009e4      0x138 ..\obj\ip_frag.o
 .debug_frame   0x00000b1c       0x4c ..\obj\startup_stm32f4xx.o
 .debug_frame   0x00000b68       0xd0 ..\obj\stm32_ub_led.o
 .debug_frame   0x00000c38      0xc84 ..\obj\stm32f4x7_eth.o
 .debug_frame   0x000018bc       0x38 ..\obj\ip_addr.o
 .debug_frame   0x000018f4       0xa0 ..\obj\inet_chksum.o
 .debug_frame   0x00001994      0x1b4 ..\obj\main.o
 .debug_frame   0x00001b48      0x6d4 ..\obj\stm32f4xx_rcc.o
 .debug_frame   0x0000221c       0x78 ..\obj\netconf.o
 .debug_frame   0x00002294      0x5ec ..\obj\stm32f4xx_adc.o
 .debug_frame   0x00002880      0x138 ..\obj\stm32f4x7_eth_bsp.o
 .debug_frame   0x000029b8       0xc4 ..\obj\ethernetif.o
 .debug_frame   0x00002a7c       0xbc ..\obj\stm32_ub_adc1_single.o
 .debug_frame   0x00002b38      0x1fc ..\obj\etharp.o
 .debug_frame   0x00002d34      0x1f4 ..\obj\pbuf.o
 .debug_frame   0x00002f28      0x11c ..\obj\inet.o
 .debug_frame   0x00003044      0x1b4 ..\obj\netif.o
 .debug_frame   0x000031f8      0x23c ..\obj\stm32f4xx_gpio.o
 .debug_frame   0x00003434       0x7c ..\obj\system_stm32f4xx.o
 .debug_frame   0x000034b0      0x194 ..\obj\udp.o
 .debug_frame   0x00003644       0xac ..\obj\ip.o
 .debug_frame   0x000036f0      0x148 ..\obj\stm32f4xx_exti.o
 .debug_frame   0x00003838       0xa8 ..\obj\icmp.o
 .debug_frame   0x000038e0       0xd8 ..\obj\misc.o
 .debug_frame   0x000039b8      0x56c ..\obj\dhcp.o
 .debug_frame   0x00003f24      0x214 ..\obj\tcp_out.o
 .debug_frame   0x00004138      0x144 ..\obj\raw.o
 .debug_frame   0x0000427c       0x3c c:/program files (x86)/gnu tools arm embedded/4.9 2015q1/bin/../lib/gcc/arm-none-eabi/4.9.3/../../../../arm-none-eabi/lib/armv7e-m\libg.a(lib_a-itoa.o)
 .debug_frame   0x000042b8       0x38 c:/program files (x86)/gnu tools arm embedded/4.9 2015q1/bin/../lib/gcc/arm-none-eabi/4.9.3/../../../../arm-none-eabi/lib/armv7e-m\libg.a(lib_a-memcmp.o)
 .debug_frame   0x000042f0       0x34 c:/program files (x86)/gnu tools arm embedded/4.9 2015q1/bin/../lib/gcc/arm-none-eabi/4.9.3/../../../../arm-none-eabi/lib/armv7e-m\libg.a(lib_a-memset.o)
 .debug_frame   0x00004324       0x28 c:/program files (x86)/gnu tools arm embedded/4.9 2015q1/bin/../lib/gcc/arm-none-eabi/4.9.3/../../../../arm-none-eabi/lib/armv7e-m\libg.a(lib_a-strcat.o)
 .debug_frame   0x0000434c       0x20 c:/program files (x86)/gnu tools arm embedded/4.9 2015q1/bin/../lib/gcc/arm-none-eabi/4.9.3/../../../../arm-none-eabi/lib/armv7e-m\libg.a(lib_a-strcpy.o)
 .debug_frame   0x0000436c       0x20 c:/program files (x86)/gnu tools arm embedded/4.9 2015q1/bin/../lib/gcc/arm-none-eabi/4.9.3/../../../../arm-none-eabi/lib/armv7e-m\libg.a(lib_a-strlen.o)
 .debug_frame   0x0000438c       0x4c c:/program files (x86)/gnu tools arm embedded/4.9 2015q1/bin/../lib/gcc/arm-none-eabi/4.9.3/../../../../arm-none-eabi/lib/armv7e-m\libg.a(lib_a-utoa.o)
